// Jest Snapshot v1, https://goo.gl/fbAQLP

exports[`Pruebas en <FirstApp /> debe de hacer match con el snapshot 1`] = `
<div>
  <p>
    Paúl
  </p>
  <p>
    Hola, soy Paúl
  </p>
  <p>
    No hay subtítulo1
  </p>
  <p>
    Easy React
  </p>
</div>
`;
